
Running 2 tests using 1 worker

[1A[2K[1/2] [setup] › tests/playwright/auth.setup.js:18:1 › setup auth state
[1A[2K[2/2] [chromium] › tests/playwright/search-produk-et.spec.mjs:10:1 › Search OrderRequest with "produk et" returns matching products
[1A[2K[chromium] › tests/playwright/search-produk-et.spec.mjs:10:1 › Search OrderRequest with "produk et" returns matching products
Initial results: 12 rows

[1A[2KSearching for: "produk et"

[1A[2KFiltered results: 12 rows

[1A[2K
=== Search Results for "produk et" ===

[1A[2KTotal matching rows: 12


[1A[2KRow 1: [Buat/batalkan pilihan item 19 untuk tindakan massal.] [Lihat
        

            

                                        
                        
  
  
        
        
        
            Ubah
        

            

                                        
                        
  
        
        
                    
    
    

        
        
            Hapus
        

            

                                        
                        
  
        
        
                    
    
    

        
        
            Request Approve
        

            

                                        
                        
  
        
        
                    
    
    

        
        
            Close] [OR-20260512-9449] [Feb 28, 2026] [(FG-SEED-001) Panel Kontrol Industri
        
    

    
                                            
                                                                
                    
                                                    
            
            
    
        
            (SKU-049) Produk aut 49
        
    

    
                                            
                                                                
                    
                                                    
            
            
    
        
            (RM-SEED-001) Bahan Baku Plastik Granul
        
    

    
                                            
                                                                
                    
                                                    
            
            
    
        
            (SKU-017) Produk ut 17
        
    

    
                                            
                                                                
                    
                                                    
            
            
    
        
            (SKU-017) Produk ut 17
        
    

    
                                            
                                                                
                    
                                                    
            
            
    
        
            (RM-SEED-001) Bahan Baku Plastik Granul
        
    

    
                                            
                                                                
                    
                                                    
            
            
    
        
            (SKU-024) Produk incidunt 24] [0] [72] 

[1A[2K  → Items: Feb 28, 2026

[1A[2KRow 2: [Buat/batalkan pilihan item 15 untuk tindakan massal.] [Lihat
        

            

                                        
                        
  
  
        
        
        
            Ubah
        

            

                                        
                        
  
        
        
                    
    
    

        
        
            Hapus
        

            

                                        
                        
  
        
        
                    
    
    

        
        
            Request Approve
        

            

                                        
                        
  
        
        
                    
    
    

        
        
            Close] [OR-20260512-1222] [Feb 19, 2026] [(SKU-036) Produk et 36
        
    

    
                                            
                                                                
                    
                                                    
            
            
    
        
            (SKU-044) Produk accusantium 44
        
    

    
                                            
                                                                
                    
                                                    
            
            
    
        
            (SKU-049) Produk aut 49
        
    

    
                                            
                                                                
                    
                                                    
            
            
    
        
            (FG-SEED-002) Sensor Tekanan Digital] [0] [36] 

[1A[2K  → Items: Feb 19, 2026

[1A[2KRow 3: [Buat/batalkan pilihan item 14 untuk tindakan massal.] [Lihat
        

            

                                        
                        
  
  
        
        
        
            Ubah
        

            

                                        
                        
  
        
        
                    
    
    

        
        
            Hapus
        

            

                                        
                        
  
        
        
                    
    
    

        
        
            Request Approve
        

            

                                        
                        
  
        
        
                    
    
    

        
        
            Close] [OR-20260512-9553] [Mei 10, 2026] [(SKU-046) Produk et 46
        
    

    
                                            
                                                                
                    
                                                    
            
            
    
        
            (PRD005) Printer Canon
        
    

    
                                            
                                                                
                    
                                                    
            
            
    
        
            (SKU-018) Produk veritatis 18
        
    

    
                                            
                                                                
                    
                                                    
            
            
    
        
            (SKU-005) Produk quo 5
        
    

    
                                            
                                                                
                    
                                                    
            
            
    
        
            (SKU-050) Produk aliquid 50
        
    

    
                                            
                                                                
                    
                                                    
            
            
    
        
            (SKU-032) Produk harum 32
        
    

    
                                            
                                                                
                    
                                                    
            
            
    
        
            (SKU-045) Produk et 45] [0] [66] 

[1A[2K  → Items: Mei 10, 2026

[1A[2KRow 4: [Buat/batalkan pilihan item 12 untuk tindakan massal.] [Lihat
        

            

                                        
                        
  
  
        
        
        
            Ubah
        

            

                                        
                        
  
        
        
                    
    
    

        
        
            Hapus
        

            

                                        
                        
  
        
        
                    
    
    

        
        
            Request Approve
        

            

                                        
                        
  
        
        
                    
    
    

        
        
            Close] [OR-20260512-8138] [Feb 14, 2026] [(SKU-008) Produk ut 8
        
    

    
                                            
                                                                
                    
                                                    
            
            
    
        
            (FG-SEED-002) Sensor Tekanan Digital
        
    

    
                                            
                                                                
                    
                                                    
            
            
    
        
            (SKU-009) Produk corrupti 9
        
    

    
                                            
                                                                
                    
                                                    
            
            
    
        
            (FG-SEED-002) Sensor Tekanan Digital
        
    

    
                                            
                                                                
                    
                                                    
            
            
    
        
            (SKU-011) Produk incidunt 11] [0] [64] 

[1A[2K  → Items: Feb 14, 2026

[1A[2KRow 5: [Buat/batalkan pilihan item 10 untuk tindakan massal.] [Lihat
        

            

                                        
                        
  
  
        
        
        
            Ubah
        

            

                                        
                        
  
        
        
                    
    
    

        
        
            Hapus
        

            

                                        
                        
  
        
        
                    
    
    

        
        
            Request Approve
        

            

                                        
                        
  
        
        
                    
    
    

        
        
            Close] [OR-20260512-1235] [Feb 15, 2026] [(SKU-045) Produk et 45
        
    

    
                                            
                                                                
                    
                                                    
            
            
    
        
            (SKU-004) Produk unde 4
        
    

    
                                            
                                                                
                    
                                                    
            
            
    
        
            (SKU-033) Produk error 33
        
    

    
                                            
                                                                
                    
                                                    
            
            
    
        
            (FG-SEED-002) Sensor Tekanan Digital] [0] [48] 

[1A[2K  → Items: Feb 15, 2026

[1A[2KRow 6: [Buat/batalkan pilihan item 9 untuk tindakan massal.] [Lihat
        

            

                                        
                        
  
  
        
        
        
            Ubah
        

            

                                        
                        
  
        
        
                    
    
    

        
        
            Hapus
        

            

                                        
                        
  
        
        
                    
    
    

        
        
            Request Approve
        

            

                                        
                        
  
        
        
                    
    
    

        
        
            Close] [OR-20260512-6775] [Apr 11, 2026] [(SKU-043) Produk modi 43
        
    

    
                                            
                                                                
                    
                                                    
            
            
    
        
            (SKU-046) Produk et 46
        
    

    
                                            
                                                                
                    
                                                    
            
            
    
        
            (SKU-040) Produk consequatur 40
        
    

    
                                            
                                                                
                    
                                                    
            
            
    
        
            (SKU-034) Produk sint 34
        
    

    
                                            
                                                                
                    
                                                    
            
            
    
        
            (SKU-012) Produk ut 12
        
    

    
                                            
                                                                
                    
                                                    
            
            
    
        
            (SKU-031) Produk hic 31] [0] [75] 

[1A[2K  → Items: Apr 11, 2026

[1A[2KRow 7: [Buat/batalkan pilihan item 8 untuk tindakan massal.] [Lihat
        

            

                                        
                        
  
  
        
        
        
            Ubah
        

            

                                        
                        
  
        
        
                    
    
    

        
        
            Hapus
        

            

                                        
                        
  
        
        
                    
    
    

        
        
            Request Approve
        

            

                                        
                        
  
        
        
                    
    
    

        
        
            Close] [OR-20260512-9382] [Mar 30, 2026] [(SKU-018) Produk veritatis 18
        
    

    
                                            
                                                                
                    
                                                    
            
            
    
        
            (SKU-008) Produk ut 8
        
    

    
                                            
                                                                
                    
                                                    
            
            
    
        
            (SKU-005) Produk quo 5
        
    

    
                                            
                                                                
                    
                                                    
            
            
    
        
            (SKU-007) Produk eaque 7
        
    

    
                                            
                                                                
                    
                                                    
            
            
    
        
            (SKU-039) Produk et 39
        
    

    
                                            
                                                                
                    
                                                    
            
            
    
        
            (SKU-009) Produk corrupti 9] [0] [63] 

[1A[2K  → Items: Mar 30, 2026

[1A[2KRow 8: [Buat/batalkan pilihan item 7 untuk tindakan massal.] [Lihat
        

            

                                        
                        
  
  
        
        
        
            Ubah
        

            

                                        
                        
  
        
        
                    
    
    

        
        
            Hapus
        

            

                                        
                        
  
        
        
                    
    
    

        
        
            Request Approve
        

            

                                        
                        
  
        
        
                    
    
    

        
        
            Close] [OR-20260512-8162] [Feb 13, 2026] [(SKU-044) Produk accusantium 44
        
    

    
                                            
                                                                
                    
                                                    
            
            
    
        
            (PRD004) Monitor LED 24 inch
        
    

    
                                            
                                                                
                    
                                                    
            
            
    
        
            (SKU-013) Produk est 13
        
    

    
                                            
                                                                
                    
                                                    
            
            
    
        
            (SKU-006) Produk at 6
        
    

    
                                            
                                                                
                    
                                                    
            
            
    
        
            (SKU-032) Produk harum 32
        
    

    
                                            
                                                                
                    
                                                    
            
            
    
        
            (SKU-004) Produk unde 4
        
    

    
                                            
                                                                
                    
                                                    
            
            
    
        
            (SKU-010) Produk similique 10] [0] [68] 

[1A[2K  → Items: Feb 13, 2026

[1A[2KRow 9: [Buat/batalkan pilihan item 6 untuk tindakan massal.] [Lihat
        

            

                                        
                        
  
  
        
        
        
            Ubah
        

            

                                        
                        
  
        
        
                    
    
    

        
        
            Hapus
        

            

                                        
                        
  
        
        
                    
    
    

        
        
            Request Approve
        

            

                                        
                        
  
        
        
                    
    
    

        
        
            Close] [OR-20260512-8303] [Feb 21, 2026] [(SKU-050) Produk aliquid 50
        
    

    
                                            
                                                                
                    
                                                    
            
            
    
        
            (SKU-038) Produk ab 38
        
    

    
                                            
                                                                
                    
                                                    
            
            
    
        
            (SKU-046) Produk et 46
        
    

    
                                            
                                                                
                    
                                                    
            
            
    
        
            (SKU-016) Produk expedita 16
        
    

    
                                            
                                                                
                    
                                                    
            
            
    
        
            (SKU-019) Produk dolores 19
        
    

    
                                            
                                                                
                    
                                                    
            
            
    
        
            (SKU-033) Produk error 33] [0] [101] 

[1A[2K  → Items: Feb 21, 2026

[1A[2KRow 10: [Buat/batalkan pilihan item 2 untuk tindakan massal.] [Lihat
        

            

                                        
                        
  
  
        
        
        
            Ubah
        

            

                                        
                        
  
        
        
                    
    
    

        
        
            Hapus
        

            

                                        
                        
  
        
        
                    
    
    

        
        
            Request Approve
        

            

                                        
                        
  
        
        
                    
    
    

        
        
            Close] [OR-20260512-3980] [Mar 14, 2026] [(SKU-026) Produk et 26
        
    

    
                                            
                                                                
                    
                                                    
            
            
    
        
            (SKU-039) Produk et 39
        
    

    
                                            
                                                                
                    
                                                    
            
            
    
        
            (SKU-002) Produk minima 2
        
    

    
                                            
                                                                
                    
                                                    
            
            
    
        
            (SKU-008) Produk ut 8
        
    

    
                                            
                                                                
                    
                                                    
            
            
    
        
            (PRD004) Monitor LED 24 inch
        
    

    
                                            
                                                                
                    
                                                    
            
            
    
        
            (SKU-026) Produk et 26
        
    

    
                                            
                                                                
                    
                                                    
            
            
    
        
            (SKU-030) Produk quidem 30] [0] [92] 

[1A[2K  → Items: Mar 14, 2026

[1A[2KRow 11: [#1] [2026-05-12 06:04:23] [GET] [/admin/order-requests] [102851742102] 

[1A[2K  → Items: /admin/order-requests

[1A[2KRow 12: [#2] [2026-05-12 06:04:24] [POST] [/livewire/update (ajax)] [1411] 

[1A[2K  → Items: /livewire/update (ajax)

[1A[2K
✓ Match found in row 2

[1A[2K
Screenshot saved to: test-results/search-produk-et-results.png

[1A[2K
After clearing search: 14 rows

[1A[2K  2 passed (7.7s)

To open last HTML report run:
[36m[39m
[36m  npx playwright show-report[39m
[36m[39m
